2026-03-30T01:57:41.269Z LH:ChromeLauncher Waiting for browser.
2026-03-30T01:57:41.270Z LH:ChromeLauncher Waiting for browser...
2026-03-30T01:57:41.785Z LH:ChromeLauncher Waiting for browser.....
2026-03-30T01:57:41.792Z LH:ChromeLauncher Waiting for browser.....ÔêÜ
2026-03-30T01:57:42.390Z LH:status Connecting to browser
2026-03-30T01:57:42.411Z LH:status Navigating to about:blank
2026-03-30T01:57:42.420Z LH:status Benchmarking machine
2026-03-30T01:57:43.430Z LH:status Host device pixel ratio
2026-03-30T01:57:43.433Z LH:status Preparing target for navigation mode
2026-03-30T01:57:43.460Z LH:status Cleaning origin data
2026-03-30T01:57:43.591Z LH:status Cleaning browser cache
2026-03-30T01:57:43.758Z LH:status Preparing network conditions
2026-03-30T01:57:43.853Z LH:status Navigating to http://127.0.0.1:4321/
2026-03-30T01:57:50.356Z LH:Navigation:error Provided URL (http://127.0.0.1:4321/) did not match initial navigation URL (chrome-error://chromewebdata/)
2026-03-30T01:57:50.832Z LH:NavigationRunner:error Chrome prevented page load with an interstitial. Make sure you are testing the correct URL and that the server is properly responding to all requests. http://127.0.0.1:4321/
2026-03-30T01:57:50.865Z LH:status Analyzing and running audits...
2026-03-30T01:57:50.866Z LH:status Auditing: Uses HTTPS
2026-03-30T01:57:50.867Z LH:is-on-https:warn Caught exception: CHROME_INTERSTITIAL_ERROR
2026-03-30T01:57:50.870Z LH:status Auditing: Redirects HTTP traffic to HTTPS
2026-03-30T01:57:50.870Z LH:redirects-http:warn Caught exception: CHROME_INTERSTITIAL_ERROR
2026-03-30T01:57:50.872Z LH:status Auditing: Has a `<meta name="viewport">` tag with `width` or `initial-scale`
2026-03-30T01:57:50.872Z LH:viewport:warn Caught exception: CHROME_INTERSTITIAL_ERROR
2026-03-30T01:57:50.874Z LH:status Auditing: First Contentful Paint
2026-03-30T01:57:50.875Z LH:first-contentful-paint:warn Caught exception: CHROME_INTERSTITIAL_ERROR
2026-03-30T01:57:50.876Z LH:status Auditing: Largest Contentful Paint
2026-03-30T01:57:50.876Z LH:largest-contentful-paint:warn Caught exception: CHROME_INTERSTITIAL_ERROR
2026-03-30T01:57:50.877Z LH:status Auditing: First Meaningful Paint
2026-03-30T01:57:50.877Z LH:first-meaningful-paint:warn Caught exception: CHROME_INTERSTITIAL_ERROR
2026-03-30T01:57:50.878Z LH:status Auditing: Speed Index
2026-03-30T01:57:50.879Z LH:speed-index:warn Caught exception: CHROME_INTERSTITIAL_ERROR
2026-03-30T01:57:50.879Z LH:status Auditing: Screenshot Thumbnails
2026-03-30T01:57:50.879Z LH:screenshot-thumbnails:warn Caught exception: CHROME_INTERSTITIAL_ERROR
2026-03-30T01:57:50.879Z LH:status Auditing: Final Screenshot
2026-03-30T01:57:50.879Z LH:final-screenshot:warn Caught exception: CHROME_INTERSTITIAL_ERROR
2026-03-30T01:57:50.880Z LH:status Auditing: Total Blocking Time
2026-03-30T01:57:50.880Z LH:total-blocking-time:warn Caught exception: CHROME_INTERSTITIAL_ERROR
2026-03-30T01:57:50.881Z LH:status Auditing: Max Potential First Input Delay
2026-03-30T01:57:50.881Z LH:max-potential-fid:warn Caught exception: CHROME_INTERSTITIAL_ERROR
2026-03-30T01:57:50.882Z LH:status Auditing: Cumulative Layout Shift
2026-03-30T01:57:50.882Z LH:cumulative-layout-shift:warn Caught exception: CHROME_INTERSTITIAL_ERROR
2026-03-30T01:57:50.882Z LH:status Auditing: No browser errors logged to the console
2026-03-30T01:57:50.883Z LH:errors-in-console:warn Caught exception: CHROME_INTERSTITIAL_ERROR
2026-03-30T01:57:50.883Z LH:status Auditing: Initial server response time was short
2026-03-30T01:57:50.883Z LH:server-response-time:warn Caught exception: CHROME_INTERSTITIAL_ERROR
2026-03-30T01:57:50.884Z LH:status Auditing: Time to Interactive
2026-03-30T01:57:50.884Z LH:interactive:warn Caught exception: CHROME_INTERSTITIAL_ERROR
2026-03-30T01:57:50.885Z LH:status Auditing: User Timing marks and measures
2026-03-30T01:57:50.885Z LH:user-timings:warn Caught exception: CHROME_INTERSTITIAL_ERROR
2026-03-30T01:57:50.886Z LH:status Auditing: Avoid chaining critical requests
2026-03-30T01:57:50.886Z LH:critical-request-chains:warn Caught exception: CHROME_INTERSTITIAL_ERROR
2026-03-30T01:57:50.886Z LH:status Auditing: Avoid multiple page redirects
2026-03-30T01:57:50.886Z LH:redirects:warn Caught exception: CHROME_INTERSTITIAL_ERROR
2026-03-30T01:57:50.887Z LH:status Auditing: Displays images with correct aspect ratio
2026-03-30T01:57:50.887Z LH:image-aspect-ratio:warn Caught exception: CHROME_INTERSTITIAL_ERROR
2026-03-30T01:57:50.888Z LH:status Auditing: Serves images with appropriate resolution
2026-03-30T01:57:50.888Z LH:image-size-responsive:warn Caught exception: CHROME_INTERSTITIAL_ERROR
2026-03-30T01:57:50.889Z LH:status Auditing: Avoids deprecated APIs
2026-03-30T01:57:50.889Z LH:deprecations:warn Caught exception: CHROME_INTERSTITIAL_ERROR
2026-03-30T01:57:50.892Z LH:status Auditing: Avoids third-party cookies
2026-03-30T01:57:50.892Z LH:third-party-cookies:warn Caught exception: CHROME_INTERSTITIAL_ERROR
2026-03-30T01:57:50.897Z LH:status Auditing: Minimizes main-thread work
2026-03-30T01:57:50.897Z LH:mainthread-work-breakdown:warn Caught exception: CHROME_INTERSTITIAL_ERROR
2026-03-30T01:57:50.901Z LH:status Auditing: JavaScript execution time
2026-03-30T01:57:50.901Z LH:bootup-time:warn Caught exception: CHROME_INTERSTITIAL_ERROR
2026-03-30T01:57:50.902Z LH:status Auditing: Preconnect to required origins
2026-03-30T01:57:50.902Z LH:uses-rel-preconnect:warn Caught exception: CHROME_INTERSTITIAL_ERROR
2026-03-30T01:57:50.903Z LH:status Auditing: All text remains visible during webfont loads
2026-03-30T01:57:50.903Z LH:font-display:warn Caught exception: CHROME_INTERSTITIAL_ERROR
2026-03-30T01:57:50.904Z LH:status Auditing: Diagnostics
2026-03-30T01:57:50.904Z LH:diagnostics:warn Caught exception: CHROME_INTERSTITIAL_ERROR
2026-03-30T01:57:50.904Z LH:status Auditing: Network Requests
2026-03-30T01:57:50.904Z LH:network-requests:warn Caught exception: CHROME_INTERSTITIAL_ERROR
2026-03-30T01:57:50.905Z LH:status Auditing: Network Round Trip Times
2026-03-30T01:57:50.905Z LH:network-rtt:warn Caught exception: CHROME_INTERSTITIAL_ERROR
2026-03-30T01:57:50.908Z LH:status Auditing: Server Backend Latencies
2026-03-30T01:57:50.908Z LH:network-server-latency:warn Caught exception: CHROME_INTERSTITIAL_ERROR
2026-03-30T01:57:50.909Z LH:status Auditing: Tasks
2026-03-30T01:57:50.909Z LH:main-thread-tasks:warn Caught exception: CHROME_INTERSTITIAL_ERROR
2026-03-30T01:57:50.909Z LH:status Auditing: Metrics
2026-03-30T01:57:50.909Z LH:metrics:warn Caught exception: CHROME_INTERSTITIAL_ERROR
2026-03-30T01:57:50.909Z LH:status Auditing: Resources Summary
2026-03-30T01:57:50.909Z LH:resource-summary:warn Caught exception: CHROME_INTERSTITIAL_ERROR
2026-03-30T01:57:50.910Z LH:status Auditing: Minimize third-party usage
2026-03-30T01:57:50.910Z LH:third-party-summary:warn Caught exception: CHROME_INTERSTITIAL_ERROR
2026-03-30T01:57:50.911Z LH:status Auditing: Lazy load third-party resources with facades
2026-03-30T01:57:50.911Z LH:third-party-facades:warn Caught exception: CHROME_INTERSTITIAL_ERROR
2026-03-30T01:57:50.912Z LH:status Auditing: Largest Contentful Paint element
2026-03-30T01:57:50.912Z LH:largest-contentful-paint-element:warn Caught exception: CHROME_INTERSTITIAL_ERROR
2026-03-30T01:57:50.913Z LH:status Auditing: Largest Contentful Paint image was not lazily loaded
2026-03-30T01:57:50.913Z LH:lcp-lazy-loaded:warn Caught exception: CHROME_INTERSTITIAL_ERROR
2026-03-30T01:57:50.917Z LH:status Auditing: Avoid large layout shifts
2026-03-30T01:57:50.917Z LH:layout-shifts:warn Caught exception: CHROME_INTERSTITIAL_ERROR
2026-03-30T01:57:50.918Z LH:status Auditing: Avoid long main-thread tasks
2026-03-30T01:57:50.918Z LH:long-tasks:warn Caught exception: CHROME_INTERSTITIAL_ERROR
2026-03-30T01:57:50.919Z LH:status Auditing: Avoid non-composited animations
2026-03-30T01:57:50.919Z LH:non-composited-animations:warn Caught exception: CHROME_INTERSTITIAL_ERROR
2026-03-30T01:57:50.920Z LH:status Auditing: Image elements have explicit `width` and `height`
2026-03-30T01:57:50.920Z LH:unsized-images:warn Caught exception: CHROME_INTERSTITIAL_ERROR
2026-03-30T01:57:50.921Z LH:status Auditing: Page has valid source maps
2026-03-30T01:57:50.922Z LH:valid-source-maps:warn Caught exception: CHROME_INTERSTITIAL_ERROR
2026-03-30T01:57:50.925Z LH:status Auditing: Preload Largest Contentful Paint image
2026-03-30T01:57:50.925Z LH:prioritize-lcp-image:warn Caught exception: CHROME_INTERSTITIAL_ERROR
2026-03-30T01:57:50.926Z LH:status Auditing: Ensure CSP is effective against XSS attacks
2026-03-30T01:57:50.926Z LH:csp-xss:warn Caught exception: CHROME_INTERSTITIAL_ERROR
2026-03-30T01:57:50.927Z LH:status Auditing: Use a strong HSTS policy
2026-03-30T01:57:50.927Z LH:has-hsts:warn Caught exception: CHROME_INTERSTITIAL_ERROR
2026-03-30T01:57:50.928Z LH:status Auditing: Ensure proper origin isolation with COOP
2026-03-30T01:57:50.928Z LH:origin-isolation:warn Caught exception: CHROME_INTERSTITIAL_ERROR
2026-03-30T01:57:50.929Z LH:status Auditing: Mitigate clickjacking with XFO or CSP
2026-03-30T01:57:50.929Z LH:clickjacking-mitigation:warn Caught exception: CHROME_INTERSTITIAL_ERROR
2026-03-30T01:57:50.930Z LH:status Auditing: Mitigate DOM-based XSS with Trusted Types
2026-03-30T01:57:50.930Z LH:trusted-types-xss:warn Caught exception: CHROME_INTERSTITIAL_ERROR
2026-03-30T01:57:50.933Z LH:status Auditing: Script Treemap Data
2026-03-30T01:57:50.934Z LH:script-treemap-data:warn Caught exception: CHROME_INTERSTITIAL_ERROR
2026-03-30T01:57:50.934Z LH:status Auditing: `[accesskey]` values are unique
2026-03-30T01:57:50.934Z LH:accesskeys:warn Caught exception: CHROME_INTERSTITIAL_ERROR
2026-03-30T01:57:50.936Z LH:status Auditing: `[aria-*]` attributes match their roles
2026-03-30T01:57:50.936Z LH:aria-allowed-attr:warn Caught exception: CHROME_INTERSTITIAL_ERROR
2026-03-30T01:57:50.937Z LH:status Auditing: Uses ARIA roles only on compatible elements
2026-03-30T01:57:50.937Z LH:aria-allowed-role:warn Caught exception: CHROME_INTERSTITIAL_ERROR
2026-03-30T01:57:50.938Z LH:status Auditing: `button`, `link`, and `menuitem` elements have accessible names
2026-03-30T01:57:50.938Z LH:aria-command-name:warn Caught exception: CHROME_INTERSTITIAL_ERROR
2026-03-30T01:57:50.942Z LH:status Auditing: ARIA attributes are used as specified for the element's role
2026-03-30T01:57:50.942Z LH:aria-conditional-attr:warn Caught exception: CHROME_INTERSTITIAL_ERROR
2026-03-30T01:57:50.944Z LH:status Auditing: Deprecated ARIA roles were not used
2026-03-30T01:57:50.945Z LH:aria-deprecated-role:warn Caught exception: CHROME_INTERSTITIAL_ERROR
2026-03-30T01:57:50.946Z LH:status Auditing: Elements with `role="dialog"` or `role="alertdialog"` have accessible names.
2026-03-30T01:57:50.946Z LH:aria-dialog-name:warn Caught exception: CHROME_INTERSTITIAL_ERROR
2026-03-30T01:57:50.947Z LH:status Auditing: `[aria-hidden="true"]` is not present on the document `<body>`
2026-03-30T01:57:50.950Z LH:aria-hidden-body:warn Caught exception: CHROME_INTERSTITIAL_ERROR
2026-03-30T01:57:50.950Z LH:status Auditing: `[aria-hidden="true"]` elements do not contain focusable descendents
2026-03-30T01:57:50.950Z LH:aria-hidden-focus:warn Caught exception: CHROME_INTERSTITIAL_ERROR
2026-03-30T01:57:50.951Z LH:status Auditing: ARIA input fields have accessible names
2026-03-30T01:57:50.951Z LH:aria-input-field-name:warn Caught exception: CHROME_INTERSTITIAL_ERROR
2026-03-30T01:57:50.951Z LH:status Auditing: ARIA `meter` elements have accessible names
2026-03-30T01:57:50.952Z LH:aria-meter-name:warn Caught exception: CHROME_INTERSTITIAL_ERROR
2026-03-30T01:57:50.952Z LH:status Auditing: ARIA `progressbar` elements have accessible names
2026-03-30T01:57:50.952Z LH:aria-progressbar-name:warn Caught exception: CHROME_INTERSTITIAL_ERROR
2026-03-30T01:57:50.953Z LH:status Auditing: Elements use only permitted ARIA attributes
2026-03-30T01:57:50.953Z LH:aria-prohibited-attr:warn Caught exception: CHROME_INTERSTITIAL_ERROR
2026-03-30T01:57:50.953Z LH:status Auditing: `[role]`s have all required `[aria-*]` attributes
2026-03-30T01:57:50.953Z LH:aria-required-attr:warn Caught exception: CHROME_INTERSTITIAL_ERROR
2026-03-30T01:57:50.954Z LH:status Auditing: Elements with an ARIA `[role]` that require children to contain a specific `[role]` have all required children.
2026-03-30T01:57:50.954Z LH:aria-required-children:warn Caught exception: CHROME_INTERSTITIAL_ERROR
2026-03-30T01:57:50.955Z LH:status Auditing: `[role]`s are contained by their required parent element
2026-03-30T01:57:50.955Z LH:aria-required-parent:warn Caught exception: CHROME_INTERSTITIAL_ERROR
2026-03-30T01:57:50.955Z LH:status Auditing: `[role]` values are valid
2026-03-30T01:57:50.955Z LH:aria-roles:warn Caught exception: CHROME_INTERSTITIAL_ERROR
2026-03-30T01:57:50.956Z LH:status Auditing: Elements with the `role=text` attribute do not have focusable descendents.
2026-03-30T01:57:50.956Z LH:aria-text:warn Caught exception: CHROME_INTERSTITIAL_ERROR
2026-03-30T01:57:50.957Z LH:status Auditing: ARIA toggle fields have accessible names
2026-03-30T01:57:50.957Z LH:aria-toggle-field-name:warn Caught exception: CHROME_INTERSTITIAL_ERROR
2026-03-30T01:57:50.957Z LH:status Auditing: ARIA `tooltip` elements have accessible names
2026-03-30T01:57:50.957Z LH:aria-tooltip-name:warn Caught exception: CHROME_INTERSTITIAL_ERROR
2026-03-30T01:57:50.962Z LH:status Auditing: ARIA `treeitem` elements have accessible names
2026-03-30T01:57:50.962Z LH:aria-treeitem-name:warn Caught exception: CHROME_INTERSTITIAL_ERROR
2026-03-30T01:57:50.962Z LH:status Auditing: `[aria-*]` attributes have valid values
2026-03-30T01:57:50.962Z LH:aria-valid-attr-value:warn Caught exception: CHROME_INTERSTITIAL_ERROR
2026-03-30T01:57:50.963Z LH:status Auditing: `[aria-*]` attributes are valid and not misspelled
2026-03-30T01:57:50.963Z LH:aria-valid-attr:warn Caught exception: CHROME_INTERSTITIAL_ERROR
2026-03-30T01:57:50.964Z LH:status Auditing: Buttons have an accessible name
2026-03-30T01:57:50.964Z LH:button-name:warn Caught exception: CHROME_INTERSTITIAL_ERROR
2026-03-30T01:57:50.964Z LH:status Auditing: The page contains a heading, skip link, or landmark region
2026-03-30T01:57:50.964Z LH:bypass:warn Caught exception: CHROME_INTERSTITIAL_ERROR
2026-03-30T01:57:50.965Z LH:status Auditing: Background and foreground colors have a sufficient contrast ratio
2026-03-30T01:57:50.965Z LH:color-contrast:warn Caught exception: CHROME_INTERSTITIAL_ERROR
2026-03-30T01:57:50.965Z LH:status Auditing: `<dl>`'s contain only properly-ordered `<dt>` and `<dd>` groups, `<script>`, `<template>` or `<div>` elements.
2026-03-30T01:57:50.966Z LH:definition-list:warn Caught exception: CHROME_INTERSTITIAL_ERROR
2026-03-30T01:57:50.966Z LH:status Auditing: Definition list items are wrapped in `<dl>` elements
2026-03-30T01:57:50.966Z LH:dlitem:warn Caught exception: CHROME_INTERSTITIAL_ERROR
2026-03-30T01:57:50.967Z LH:status Auditing: Document has a `<title>` element
2026-03-30T01:57:50.967Z LH:document-title:warn Caught exception: CHROME_INTERSTITIAL_ERROR
2026-03-30T01:57:50.968Z LH:status Auditing: ARIA IDs are unique
2026-03-30T01:57:50.968Z LH:duplicate-id-aria:warn Caught exception: CHROME_INTERSTITIAL_ERROR
2026-03-30T01:57:50.968Z LH:status Auditing: All heading elements contain content.
2026-03-30T01:57:50.968Z LH:empty-heading:warn Caught exception: CHROME_INTERSTITIAL_ERROR
2026-03-30T01:57:50.969Z LH:status Auditing: No form fields have multiple labels
2026-03-30T01:57:50.969Z LH:form-field-multiple-labels:warn Caught exception: CHROME_INTERSTITIAL_ERROR
2026-03-30T01:57:50.969Z LH:status Auditing: `<frame>` or `<iframe>` elements have a title
2026-03-30T01:57:50.969Z LH:frame-title:warn Caught exception: CHROME_INTERSTITIAL_ERROR
2026-03-30T01:57:50.970Z LH:status Auditing: Heading elements appear in a sequentially-descending order
2026-03-30T01:57:50.970Z LH:heading-order:warn Caught exception: CHROME_INTERSTITIAL_ERROR
2026-03-30T01:57:50.971Z LH:status Auditing: `<html>` element has a `[lang]` attribute
2026-03-30T01:57:50.971Z LH:html-has-lang:warn Caught exception: CHROME_INTERSTITIAL_ERROR
2026-03-30T01:57:50.971Z LH:status Auditing: `<html>` element has a valid value for its `[lang]` attribute
2026-03-30T01:57:50.971Z LH:html-lang-valid:warn Caught exception: CHROME_INTERSTITIAL_ERROR
2026-03-30T01:57:50.972Z LH:status Auditing: `<html>` element has an `[xml:lang]` attribute with the same base language as the `[lang]` attribute.
2026-03-30T01:57:50.972Z LH:html-xml-lang-mismatch:warn Caught exception: CHROME_INTERSTITIAL_ERROR
2026-03-30T01:57:50.973Z LH:status Auditing: Identical links have the same purpose.
2026-03-30T01:57:50.973Z LH:identical-links-same-purpose:warn Caught exception: CHROME_INTERSTITIAL_ERROR
2026-03-30T01:57:50.974Z LH:status Auditing: Image elements have `[alt]` attributes
2026-03-30T01:57:50.975Z LH:image-alt:warn Caught exception: CHROME_INTERSTITIAL_ERROR
2026-03-30T01:57:50.976Z LH:status Auditing: Image elements do not have `[alt]` attributes that are redundant text.
2026-03-30T01:57:50.976Z LH:image-redundant-alt:warn Caught exception: CHROME_INTERSTITIAL_ERROR
2026-03-30T01:57:50.977Z LH:status Auditing: Input buttons have discernible text.
2026-03-30T01:57:50.977Z LH:input-button-name:warn Caught exception: CHROME_INTERSTITIAL_ERROR
2026-03-30T01:57:50.978Z LH:status Auditing: `<input type="image">` elements have `[alt]` text
2026-03-30T01:57:50.978Z LH:input-image-alt:warn Caught exception: CHROME_INTERSTITIAL_ERROR
2026-03-30T01:57:50.980Z LH:status Auditing: Elements with visible text labels have matching accessible names.
2026-03-30T01:57:50.980Z LH:label-content-name-mismatch:warn Caught exception: CHROME_INTERSTITIAL_ERROR
2026-03-30T01:57:50.981Z LH:status Auditing: Form elements have associated labels
2026-03-30T01:57:50.982Z LH:label:warn Caught exception: CHROME_INTERSTITIAL_ERROR
2026-03-30T01:57:50.983Z LH:status Auditing: Document has a main landmark.
2026-03-30T01:57:50.983Z LH:landmark-one-main:warn Caught exception: CHROME_INTERSTITIAL_ERROR
2026-03-30T01:57:50.984Z LH:status Auditing: Links have a discernible name
2026-03-30T01:57:50.984Z LH:link-name:warn Caught exception: CHROME_INTERSTITIAL_ERROR
2026-03-30T01:57:50.984Z LH:status Auditing: Links are distinguishable without relying on color.
2026-03-30T01:57:50.984Z LH:link-in-text-block:warn Caught exception: CHROME_INTERSTITIAL_ERROR
2026-03-30T01:57:50.985Z LH:status Auditing: Lists contain only `<li>` elements and script supporting elements (`<script>` and `<template>`).
2026-03-30T01:57:50.985Z LH:list:warn Caught exception: CHROME_INTERSTITIAL_ERROR
2026-03-30T01:57:50.986Z LH:status Auditing: List items (`<li>`) are contained within `<ul>`, `<ol>` or `<menu>` parent elements
2026-03-30T01:57:50.986Z LH:listitem:warn Caught exception: CHROME_INTERSTITIAL_ERROR
2026-03-30T01:57:50.986Z LH:status Auditing: The document does not use `<meta http-equiv="refresh">`
2026-03-30T01:57:50.986Z LH:meta-refresh:warn Caught exception: CHROME_INTERSTITIAL_ERROR
2026-03-30T01:57:50.987Z LH:status Auditing: `[user-scalable="no"]` is not used in the `<meta name="viewport">` element and the `[maximum-scale]` attribute is not less than 5.
2026-03-30T01:57:50.987Z LH:meta-viewport:warn Caught exception: CHROME_INTERSTITIAL_ERROR
2026-03-30T01:57:50.988Z LH:status Auditing: `<object>` elements have alternate text
2026-03-30T01:57:50.988Z LH:object-alt:warn Caught exception: CHROME_INTERSTITIAL_ERROR
2026-03-30T01:57:50.990Z LH:status Auditing: Select elements have associated label elements.
2026-03-30T01:57:50.991Z LH:select-name:warn Caught exception: CHROME_INTERSTITIAL_ERROR
2026-03-30T01:57:50.992Z LH:status Auditing: Skip links are focusable.
2026-03-30T01:57:50.992Z LH:skip-link:warn Caught exception: CHROME_INTERSTITIAL_ERROR
2026-03-30T01:57:50.993Z LH:status Auditing: No element has a `[tabindex]` value greater than 0
2026-03-30T01:57:50.993Z LH:tabindex:warn Caught exception: CHROME_INTERSTITIAL_ERROR
2026-03-30T01:57:50.993Z LH:status Auditing: Tables have different content in the summary attribute and `<caption>`.
2026-03-30T01:57:50.993Z LH:table-duplicate-name:warn Caught exception: CHROME_INTERSTITIAL_ERROR
2026-03-30T01:57:50.999Z LH:status Auditing: Tables use `<caption>` instead of cells with the `[colspan]` attribute to indicate a caption.
2026-03-30T01:57:50.999Z LH:table-fake-caption:warn Caught exception: CHROME_INTERSTITIAL_ERROR
2026-03-30T01:57:51.000Z LH:status Auditing: Touch targets have sufficient size and spacing.
2026-03-30T01:57:51.000Z LH:target-size:warn Caught exception: CHROME_INTERSTITIAL_ERROR
2026-03-30T01:57:51.001Z LH:status Auditing: `<td>` elements in a large `<table>` have one or more table headers.
2026-03-30T01:57:51.002Z LH:td-has-header:warn Caught exception: CHROME_INTERSTITIAL_ERROR
2026-03-30T01:57:51.002Z LH:status Auditing: Cells in a `<table>` element that use the `[headers]` attribute refer to table cells within the same table.
2026-03-30T01:57:51.003Z LH:td-headers-attr:warn Caught exception: CHROME_INTERSTITIAL_ERROR
2026-03-30T01:57:51.004Z LH:status Auditing: `<th>` elements and elements with `[role="columnheader"/"rowheader"]` have data cells they describe.
2026-03-30T01:57:51.004Z LH:th-has-data-cells:warn Caught exception: CHROME_INTERSTITIAL_ERROR
2026-03-30T01:57:51.005Z LH:status Auditing: `[lang]` attributes have a valid value
2026-03-30T01:57:51.005Z LH:valid-lang:warn Caught exception: CHROME_INTERSTITIAL_ERROR
2026-03-30T01:57:51.006Z LH:status Auditing: `<video>` elements contain a `<track>` element with `[kind="captions"]`
2026-03-30T01:57:51.006Z LH:video-caption:warn Caught exception: CHROME_INTERSTITIAL_ERROR
2026-03-30T01:57:51.007Z LH:status Auditing: Custom controls have associated labels
2026-03-30T01:57:51.007Z LH:custom-controls-labels:warn Caught exception: CHROME_INTERSTITIAL_ERROR
2026-03-30T01:57:51.007Z LH:status Auditing: Custom controls have ARIA roles
2026-03-30T01:57:51.007Z LH:custom-controls-roles:warn Caught exception: CHROME_INTERSTITIAL_ERROR
2026-03-30T01:57:51.007Z LH:status Auditing: User focus is not accidentally trapped in a region
2026-03-30T01:57:51.007Z LH:focus-traps:warn Caught exception: CHROME_INTERSTITIAL_ERROR
2026-03-30T01:57:51.007Z LH:status Auditing: Interactive controls are keyboard focusable
2026-03-30T01:57:51.007Z LH:focusable-controls:warn Caught exception: CHROME_INTERSTITIAL_ERROR
2026-03-30T01:57:51.007Z LH:status Auditing: Interactive elements indicate their purpose and state
2026-03-30T01:57:51.007Z LH:interactive-element-affordance:warn Caught exception: CHROME_INTERSTITIAL_ERROR
2026-03-30T01:57:51.007Z LH:status Auditing: The page has a logical tab order
2026-03-30T01:57:51.007Z LH:logical-tab-order:warn Caught exception: CHROME_INTERSTITIAL_ERROR
2026-03-30T01:57:51.007Z LH:status Auditing: The user's focus is directed to new content added to the page
2026-03-30T01:57:51.007Z LH:managed-focus:warn Caught exception: CHROME_INTERSTITIAL_ERROR
2026-03-30T01:57:51.008Z LH:status Auditing: Offscreen content is hidden from assistive technology
2026-03-30T01:57:51.008Z LH:offscreen-content-hidden:warn Caught exception: CHROME_INTERSTITIAL_ERROR
2026-03-30T01:57:51.008Z LH:status Auditing: HTML5 landmark elements are used to improve navigation
2026-03-30T01:57:51.008Z LH:use-landmarks:warn Caught exception: CHROME_INTERSTITIAL_ERROR
2026-03-30T01:57:51.008Z LH:status Auditing: Visual order on the page follows DOM order
2026-03-30T01:57:51.008Z LH:visual-order-follows-dom:warn Caught exception: CHROME_INTERSTITIAL_ERROR
2026-03-30T01:57:51.008Z LH:status Auditing: Uses efficient cache policy on static assets
2026-03-30T01:57:51.008Z LH:uses-long-cache-ttl:warn Caught exception: CHROME_INTERSTITIAL_ERROR
2026-03-30T01:57:51.008Z LH:status Auditing: Avoids enormous network payloads
2026-03-30T01:57:51.008Z LH:total-byte-weight:warn Caught exception: CHROME_INTERSTITIAL_ERROR
2026-03-30T01:57:51.009Z LH:status Auditing: Defer offscreen images
2026-03-30T01:57:51.009Z LH:offscreen-images:warn Caught exception: CHROME_INTERSTITIAL_ERROR
2026-03-30T01:57:51.009Z LH:status Auditing: Eliminate render-blocking resources
2026-03-30T01:57:51.009Z LH:render-blocking-resources:warn Caught exception: CHROME_INTERSTITIAL_ERROR
2026-03-30T01:57:51.010Z LH:status Auditing: Minify CSS
2026-03-30T01:57:51.010Z LH:unminified-css:warn Caught exception: CHROME_INTERSTITIAL_ERROR
2026-03-30T01:57:51.010Z LH:status Auditing: Minify JavaScript
2026-03-30T01:57:51.010Z LH:unminified-javascript:warn Caught exception: CHROME_INTERSTITIAL_ERROR
2026-03-30T01:57:51.010Z LH:status Auditing: Reduce unused CSS
2026-03-30T01:57:51.011Z LH:unused-css-rules:warn Caught exception: CHROME_INTERSTITIAL_ERROR
2026-03-30T01:57:51.011Z LH:status Auditing: Reduce unused JavaScript
2026-03-30T01:57:51.011Z LH:unused-javascript:warn Caught exception: CHROME_INTERSTITIAL_ERROR
2026-03-30T01:57:51.011Z LH:status Auditing: Serve images in next-gen formats
2026-03-30T01:57:51.011Z LH:modern-image-formats:warn Caught exception: CHROME_INTERSTITIAL_ERROR
2026-03-30T01:57:51.012Z LH:status Auditing: Efficiently encode images
2026-03-30T01:57:51.012Z LH:uses-optimized-images:warn Caught exception: CHROME_INTERSTITIAL_ERROR
2026-03-30T01:57:51.012Z LH:status Auditing: Enable text compression
2026-03-30T01:57:51.012Z LH:uses-text-compression:warn Caught exception: CHROME_INTERSTITIAL_ERROR
2026-03-30T01:57:51.013Z LH:status Auditing: Properly size images
2026-03-30T01:57:51.013Z LH:uses-responsive-images:warn Caught exception: CHROME_INTERSTITIAL_ERROR
2026-03-30T01:57:51.013Z LH:status Auditing: Use video formats for animated content
2026-03-30T01:57:51.013Z LH:efficient-animated-content:warn Caught exception: CHROME_INTERSTITIAL_ERROR
2026-03-30T01:57:51.013Z LH:status Auditing: Remove duplicate modules in JavaScript bundles
2026-03-30T01:57:51.014Z LH:duplicated-javascript:warn Caught exception: CHROME_INTERSTITIAL_ERROR
2026-03-30T01:57:51.014Z LH:status Auditing: Avoid serving legacy JavaScript to modern browsers
2026-03-30T01:57:51.014Z LH:legacy-javascript:warn Caught exception: CHROME_INTERSTITIAL_ERROR
2026-03-30T01:57:51.015Z LH:status Auditing: Page has the HTML doctype
2026-03-30T01:57:51.015Z LH:doctype:warn Caught exception: CHROME_INTERSTITIAL_ERROR
2026-03-30T01:57:51.016Z LH:status Auditing: Properly defines charset
2026-03-30T01:57:51.016Z LH:charset:warn Caught exception: CHROME_INTERSTITIAL_ERROR
2026-03-30T01:57:51.016Z LH:status Auditing: Avoids an excessive DOM size
2026-03-30T01:57:51.016Z LH:dom-size:warn Caught exception: CHROME_INTERSTITIAL_ERROR
2026-03-30T01:57:51.017Z LH:status Auditing: Avoids requesting the geolocation permission on page load
2026-03-30T01:57:51.017Z LH:geolocation-on-start:warn Caught exception: CHROME_INTERSTITIAL_ERROR
2026-03-30T01:57:51.017Z LH:status Auditing: No issues in the `Issues` panel in Chrome Devtools
2026-03-30T01:57:51.018Z LH:inspector-issues:warn Caught exception: CHROME_INTERSTITIAL_ERROR
2026-03-30T01:57:51.018Z LH:status Auditing: Avoids `document.write()`
2026-03-30T01:57:51.018Z LH:no-document-write:warn Caught exception: CHROME_INTERSTITIAL_ERROR
2026-03-30T01:57:51.019Z LH:status Auditing: Detected JavaScript libraries
2026-03-30T01:57:51.019Z LH:js-libraries:warn Caught exception: CHROME_INTERSTITIAL_ERROR
2026-03-30T01:57:51.019Z LH:status Auditing: Avoids requesting the notification permission on page load
2026-03-30T01:57:51.019Z LH:notification-on-start:warn Caught exception: CHROME_INTERSTITIAL_ERROR
2026-03-30T01:57:51.020Z LH:status Auditing: Allows users to paste into input fields
2026-03-30T01:57:51.020Z LH:paste-preventing-inputs:warn Caught exception: CHROME_INTERSTITIAL_ERROR
2026-03-30T01:57:51.020Z LH:status Auditing: Use HTTP/2
2026-03-30T01:57:51.020Z LH:uses-http2:warn Caught exception: CHROME_INTERSTITIAL_ERROR
2026-03-30T01:57:51.027Z LH:status Auditing: Uses passive listeners to improve scrolling performance
2026-03-30T01:57:51.027Z LH:uses-passive-event-listeners:warn Caught exception: CHROME_INTERSTITIAL_ERROR
2026-03-30T01:57:51.028Z LH:status Auditing: Document has a meta description
2026-03-30T01:57:51.028Z LH:meta-description:warn Caught exception: CHROME_INTERSTITIAL_ERROR
2026-03-30T01:57:51.029Z LH:status Auditing: Page has successful HTTP status code
2026-03-30T01:57:51.029Z LH:http-status-code:warn Caught exception: CHROME_INTERSTITIAL_ERROR
2026-03-30T01:57:51.030Z LH:status Auditing: Document uses legible font sizes
2026-03-30T01:57:51.030Z LH:font-size:warn Caught exception: CHROME_INTERSTITIAL_ERROR
2026-03-30T01:57:51.031Z LH:status Auditing: Links have descriptive text
2026-03-30T01:57:51.032Z LH:link-text:warn Caught exception: CHROME_INTERSTITIAL_ERROR
2026-03-30T01:57:51.033Z LH:status Auditing: Links are crawlable
2026-03-30T01:57:51.033Z LH:crawlable-anchors:warn Caught exception: CHROME_INTERSTITIAL_ERROR
2026-03-30T01:57:51.033Z LH:status Auditing: Page isnÔÇÖt blocked from indexing
2026-03-30T01:57:51.033Z LH:is-crawlable:warn Caught exception: CHROME_INTERSTITIAL_ERROR
2026-03-30T01:57:51.034Z LH:status Auditing: robots.txt is valid
2026-03-30T01:57:51.034Z LH:robots-txt:warn Caught exception: CHROME_INTERSTITIAL_ERROR
2026-03-30T01:57:51.035Z LH:status Auditing: Document has a valid `hreflang`
2026-03-30T01:57:51.035Z LH:hreflang:warn Caught exception: CHROME_INTERSTITIAL_ERROR
2026-03-30T01:57:51.035Z LH:status Auditing: Document has a valid `rel=canonical`
2026-03-30T01:57:51.035Z LH:canonical:warn Caught exception: CHROME_INTERSTITIAL_ERROR
2026-03-30T01:57:51.036Z LH:status Auditing: Structured data is valid
2026-03-30T01:57:51.036Z LH:structured-data:warn Caught exception: CHROME_INTERSTITIAL_ERROR
2026-03-30T01:57:51.036Z LH:status Auditing: Page didn't prevent back/forward cache restoration
2026-03-30T01:57:51.036Z LH:bf-cache:warn Caught exception: CHROME_INTERSTITIAL_ERROR
2026-03-30T01:57:51.037Z LH:status Auditing: Use efficient cache lifetimes
2026-03-30T01:57:51.037Z LH:cache-insight:warn Caught exception: CHROME_INTERSTITIAL_ERROR
2026-03-30T01:57:51.037Z LH:status Auditing: Layout shift culprits
2026-03-30T01:57:51.037Z LH:cls-culprits-insight:warn Caught exception: CHROME_INTERSTITIAL_ERROR
2026-03-30T01:57:51.038Z LH:status Auditing: Document request latency
2026-03-30T01:57:51.038Z LH:document-latency-insight:warn Caught exception: CHROME_INTERSTITIAL_ERROR
2026-03-30T01:57:51.038Z LH:status Auditing: Optimize DOM size
2026-03-30T01:57:51.038Z LH:dom-size-insight:warn Caught exception: CHROME_INTERSTITIAL_ERROR
2026-03-30T01:57:51.039Z LH:status Auditing: Duplicated JavaScript
2026-03-30T01:57:51.039Z LH:duplicated-javascript-insight:warn Caught exception: CHROME_INTERSTITIAL_ERROR
2026-03-30T01:57:51.040Z LH:status Auditing: Font display
2026-03-30T01:57:51.040Z LH:font-display-insight:warn Caught exception: CHROME_INTERSTITIAL_ERROR
2026-03-30T01:57:51.040Z LH:status Auditing: Forced reflow
2026-03-30T01:57:51.041Z LH:forced-reflow-insight:warn Caught exception: CHROME_INTERSTITIAL_ERROR
2026-03-30T01:57:51.041Z LH:status Auditing: Improve image delivery
2026-03-30T01:57:51.041Z LH:image-delivery-insight:warn Caught exception: CHROME_INTERSTITIAL_ERROR
2026-03-30T01:57:51.042Z LH:status Auditing: INP breakdown
2026-03-30T01:57:51.042Z LH:inp-breakdown-insight:warn Caught exception: CHROME_INTERSTITIAL_ERROR
2026-03-30T01:57:51.043Z LH:status Auditing: LCP breakdown
2026-03-30T01:57:51.043Z LH:lcp-breakdown-insight:warn Caught exception: CHROME_INTERSTITIAL_ERROR
2026-03-30T01:57:51.044Z LH:status Auditing: LCP request discovery
2026-03-30T01:57:51.044Z LH:lcp-discovery-insight:warn Caught exception: CHROME_INTERSTITIAL_ERROR
2026-03-30T01:57:51.045Z LH:status Auditing: Legacy JavaScript
2026-03-30T01:57:51.045Z LH:legacy-javascript-insight:warn Caught exception: CHROME_INTERSTITIAL_ERROR
2026-03-30T01:57:51.046Z LH:status Auditing: Modern HTTP
2026-03-30T01:57:51.046Z LH:modern-http-insight:warn Caught exception: CHROME_INTERSTITIAL_ERROR
2026-03-30T01:57:51.047Z LH:status Auditing: Network dependency tree
2026-03-30T01:57:51.047Z LH:network-dependency-tree-insight:warn Caught exception: CHROME_INTERSTITIAL_ERROR
2026-03-30T01:57:51.048Z LH:status Auditing: Render blocking requests
2026-03-30T01:57:51.048Z LH:render-blocking-insight:warn Caught exception: CHROME_INTERSTITIAL_ERROR
2026-03-30T01:57:51.049Z LH:status Auditing: 3rd parties
2026-03-30T01:57:51.049Z LH:third-parties-insight:warn Caught exception: CHROME_INTERSTITIAL_ERROR
2026-03-30T01:57:51.050Z LH:status Auditing: Optimize viewport for mobile
2026-03-30T01:57:51.050Z LH:viewport-insight:warn Caught exception: CHROME_INTERSTITIAL_ERROR
2026-03-30T01:57:51.050Z LH:status Generating results...
2026-03-30T01:57:51.190Z LH:Printer json output written to ./lighthouse-report.json
2026-03-30T01:57:51.191Z LH:ChromeLauncher Killing Chrome instance 46832
Runtime error encountered: Chrome prevented page load with an interstitial. Make sure you are testing the correct URL and that the server is properly responding to all requests.
